<?xml version="1.0" encoding="utf-8"?><testsuites><testsuite name="pytest" errors="0" failures="0" skipped="0" tests="10" time="30.737" timestamp="2022-03-14T23:54:43.215810" hostname="DESKTOP-SE506CG"><testcase classname="yoink.tests.test_basic.BasicTestCase" name="test_000_comic_generates_valid_markup" time="1.118" /><testcase classname="yoink.tests.test_basic.BasicTestCase" name="test_001_comic_has_valid_title" time="0.914" /><testcase classname="yoink.tests.test_basic.BasicTestCase" name="test_002_comic_has_valid_category" time="0.930" /><testcase classname="yoink.tests.test_basic.BasicTestCase" name="test_003_empty_comic_folder" time="0.552" /><testcase classname="yoink.tests.test_basic.BasicTestCase" name="test_004_comic_folder_created_and_populated" time="20.888" /><testcase classname="yoink.tests.test_basic.BasicTestCase" name="test_005_comic_archive_generated" time="3.381" /><testcase classname="yoink.tests.test_basic.BasicTestCase" name="test_006_folder_cleaned_after_archive_generation" time="0.844" /><testcase classname="yoink.tests.test_basic.BasicTestCase" name="test_007_comic_instance_has_archiver" time="0.537" /><testcase classname="yoink.tests.test_basic.BasicTestCase" name="test_008_comic_is_subclass_scrapable" time="0.565" /><testcase classname="yoink.tests.test_basic.BasicTestCase" name="test_009_invalid_comic_link" time="0.824" /></testsuite></testsuites>